// Jest Snapshot v1, https://goo.gl/fbAQLP

exports[`RoomCard renders correctly 1`] = `
<View
  style={
    [
      {
        "backgroundColor": "#1E293B",
        "borderColor": "#1e293b",
        "borderRadius": 16,
        "borderWidth": 1,
        "elevation": 4,
        "shadowColor": "#000",
        "shadowOffset": {
          "height": 8,
          "width": 0,
        },
        "shadowOpacity": 0.1,
        "shadowRadius": 16,
      },
      {
        "marginBottom": 12,
        "padding": 16,
      },
    ]
  }
>
  <View
    style={
      {
        "alignItems": "center",
        "flexDirection": "row",
        "justifyContent": "space-between",
        "marginBottom": 12,
      }
    }
  >
    <View>
      <Text
        style={
          {
            "color": "#e2e8f0",
            "fontSize": 22,
            "fontWeight": "700",
            "lineHeight": 28,
          }
        }
      >
        Test Room
      </Text>
      <Text
        style={
          {
            "color": "#9293c9",
            "fontSize": 16,
            "fontWeight": "400",
            "lineHeight": 22,
          }
        }
      >
        Kategori
      </Text>
    </View>
    <View
      style={
        [
          {
            "alignItems": "center",
            "backgroundColor": "rgba(100, 103, 242, 0.1)",
            "borderRadius": 9999,
            "flexDirection": "row",
            "gap": 4,
            "paddingHorizontal": 12,
            "paddingVertical": 8,
          },
          undefined,
        ]
      }
    >
      <Text
        style={
          [
            {
              "fontFamily": "Material Symbols Outlined",
              "fontSize": 20,
            },
            {
              "color": "#6467f2",
              "fontSize": 18,
            },
          ]
        }
      >
        timer
      </Text>
      <Text
        style={
          {
            "color": "#6467f2",
            "fontSize": 16,
            "fontWeight": "600",
            "lineHeight": 22,
          }
        }
      >
        03:20
      </Text>
    </View>
  </View>
  <View
    style={
      {
        "marginBottom": 12,
      }
    }
  >
    <View
      style={
        [
          {
            "alignItems": "center",
            "flexDirection": "row",
          },
          undefined,
        ]
      }
    />
  </View>
  <View
    style={
      {
        "alignItems": "center",
        "flexDirection": "row",
        "gap": 12,
        "justifyContent": "space-between",
      }
    }
  >
    <View
      style={
        {
          "alignItems": "center",
          "flexDirection": "row",
          "gap": 4,
        }
      }
    >
      <Text
        style={
          [
            {
              "fontFamily": "Material Symbols Outlined",
              "fontSize": 20,
            },
            {
              "color": "#94a3b8",
              "fontSize": 18,
            },
          ]
        }
      >
        group
      </Text>
      <Text
        style={
          {
            "color": "#e2e8f0",
            "fontSize": 16,
            "fontWeight": "600",
            "lineHeight": 22,
          }
        }
      >
        0
        /
        8
      </Text>
    </View>
    <View
      style={
        [
          {
            "backgroundColor": "#ec4899",
            "borderRadius": 9999,
            "flexDirection": "row",
            "height": 8,
            "overflow": "hidden",
            "width": 120,
          },
          undefined,
        ]
      }
    >
      <View
        style={
          [
            {
              "backgroundColor": "#ec4899",
              "height": "100%",
            },
            {
              "flexBasis": "50%",
            },
          ]
        }
      />
      <View
        style={
          [
            {
              "backgroundColor": "#3b82f6",
              "height": "100%",
            },
            {
              "flexBasis": "50%",
            },
          ]
        }
      />
    </View>
    <View
      accessibilityState={
        {
          "busy": undefined,
          "checked": undefined,
          "disabled": undefined,
          "expanded": undefined,
          "selected": undefined,
        }
      }
      accessibilityValue={
        {
          "max": undefined,
          "min": undefined,
          "now": undefined,
          "text": undefined,
        }
      }
      accessible={true}
      collapsable={false}
      focusable={true}
      onBlur={[Function]}
      onClick={[Function]}
      onFocus={[Function]}
      onResponderGrant={[Function]}
      onResponderMove={[Function]}
      onResponderRelease={[Function]}
      onResponderTerminate={[Function]}
      onResponderTerminationRequest={[Function]}
      onStartShouldSetResponder={[Function]}
      style={
        [
          {
            "alignItems": "center",
            "borderRadius": 9999,
            "justifyContent": "center",
          },
          {
            "paddingHorizontal": 16,
            "paddingVertical": 8,
          },
          {
            "backgroundColor": "#6467f2",
          },
          false,
          false,
          undefined,
          undefined,
          undefined,
          false,
          undefined,
          undefined,
        ]
      }
    >
      <View
        style={
          {
            "alignItems": "center",
            "flexDirection": "row",
            "gap": 4,
            "justifyContent": "center",
          }
        }
      >
        <Text
          style={
            [
              {
                "color": "#fff",
                "fontSize": 16,
                "fontWeight": "600",
                "lineHeight": 22,
              },
              false,
              false,
              undefined,
              undefined,
            ]
          }
        >
          Katıl
        </Text>
      </View>
    </View>
  </View>
</View>
`;
